[2026-02-16T16:57:36.940Z] > command requires scopes: ["email","openid","https://www.googleapis.com/auth/cloudplatformprojects.readonly","https://www.googleapis.com/auth/firebase","https://www.googleapis.com/auth/cloud-platform"]
[2026-02-16T16:57:36.941Z] > authorizing via signed-in user (cours.new@gmail.com)
[2026-02-16T16:57:36.941Z] [iam] checking project apple-pay-1 for permissions ["firebase.projects.get","firebasehosting.sites.update"]
[2026-02-16T16:57:36.942Z] Checked if tokens are valid: true, expires at: 1771264495227
[2026-02-16T16:57:36.942Z] Checked if tokens are valid: true, expires at: 1771264495227
[2026-02-16T16:57:36.943Z] >>> [apiv2][query] POST https://cloudresourcemanager.googleapis.com/v1/projects/apple-pay-1:testIamPermissions [none]
[2026-02-16T16:57:36.943Z] >>> [apiv2][(partial)header] POST https://cloudresourcemanager.googleapis.com/v1/projects/apple-pay-1:testIamPermissions  x-goog-user-project=apple-pay-1
[2026-02-16T16:57:36.944Z] >>> [apiv2][body] POST https://cloudresourcemanager.googleapis.com/v1/projects/apple-pay-1:testIamPermissions {"permissions":["firebase.projects.get","firebasehosting.sites.update"]}
[2026-02-16T16:57:37.255Z] <<< [apiv2][status] POST https://cloudresourcemanager.googleapis.com/v1/projects/apple-pay-1:testIamPermissions 200
[2026-02-16T16:57:37.255Z] <<< [apiv2][body] POST https://cloudresourcemanager.googleapis.com/v1/projects/apple-pay-1:testIamPermissions {"permissions":["firebase.projects.get","firebasehosting.sites.update"]}
[2026-02-16T16:57:37.255Z] Checked if tokens are valid: true, expires at: 1771264495227
[2026-02-16T16:57:37.255Z] Checked if tokens are valid: true, expires at: 1771264495227
[2026-02-16T16:57:37.256Z] >>> [apiv2][query] GET https://firebase.googleapis.com/v1beta1/projects/apple-pay-1 [none]
[2026-02-16T16:57:37.679Z] <<< [apiv2][status] GET https://firebase.googleapis.com/v1beta1/projects/apple-pay-1 200
[2026-02-16T16:57:37.679Z] <<< [apiv2][body] GET https://firebase.googleapis.com/v1beta1/projects/apple-pay-1 {"projectId":"apple-pay-1","projectNumber":"809104874876","displayName":"apple-pay-1","name":"projects/apple-pay-1","resources":{"hostingSite":"apple-pay-1"},"state":"ACTIVE","etag":"1_92b83927-c442-4dd9-ada9-60d1eeb4db3e"}
[2026-02-16T16:57:41.242Z] defaultcredentials: writing to file C:\Users\dorgi\AppData\Roaming\firebase\cours_new_gmail.com_application_default_credentials.json
[2026-02-16T16:57:41.243Z] Checked if tokens are valid: true, expires at: 1771264495227
[2026-02-16T16:57:41.244Z] Checked if tokens are valid: true, expires at: 1771264495227
[2026-02-16T16:57:41.244Z] >>> [apiv2][query] GET https://firebasehosting.googleapis.com/v1beta1/projects/apple-pay-1/sites pageToken=&pageSize=10
[2026-02-16T16:57:42.502Z] <<< [apiv2][status] GET https://firebasehosting.googleapis.com/v1beta1/projects/apple-pay-1/sites 200
[2026-02-16T16:57:42.502Z] <<< [apiv2][body] GET https://firebasehosting.googleapis.com/v1beta1/projects/apple-pay-1/sites {"sites":[{"name":"projects/apple-pay-1/sites/apple-pay-1","defaultUrl":"https://apple-pay-1.web.app","type":"DEFAULT_SITE"}]}
[2026-02-16T16:57:42.503Z] Checked if tokens are valid: true, expires at: 1771264495227
[2026-02-16T16:57:42.504Z] Checked if tokens are valid: true, expires at: 1771264495227
[2026-02-16T16:57:42.504Z] >>> [apiv2][query] GET https://firebasehosting.googleapis.com/v1beta1/projects/apple-pay-1/sites 
[2026-02-16T16:57:43.072Z] <<< [apiv2][status] GET https://firebasehosting.googleapis.com/v1beta1/projects/apple-pay-1/sites 200
[2026-02-16T16:57:43.072Z] <<< [apiv2][body] GET https://firebasehosting.googleapis.com/v1beta1/projects/apple-pay-1/sites {"sites":[{"name":"projects/apple-pay-1/sites/apple-pay-1","defaultUrl":"https://apple-pay-1.web.app","type":"DEFAULT_SITE"}]}
[2026-02-16T16:57:43.073Z] Checked if tokens are valid: true, expires at: 1771264495227
[2026-02-16T16:57:43.073Z] Checked if tokens are valid: true, expires at: 1771264495227
[2026-02-16T16:57:43.073Z] >>> [apiv2][query] GET https://firebase.googleapis.com/v1beta1/projects/apple-pay-1/webApps/-/config [none]
[2026-02-16T16:57:44.053Z] <<< [apiv2][status] GET https://firebase.googleapis.com/v1beta1/projects/apple-pay-1/webApps/-/config 200
[2026-02-16T16:57:44.053Z] <<< [apiv2][body] GET https://firebase.googleapis.com/v1beta1/projects/apple-pay-1/webApps/-/config {"projectId":"apple-pay-1","storageBucket":"apple-pay-1.firebasestorage.app","apiKey":"AIzaSyBkACwIC5Pd97nl-jRytKqHQaRnePaTCK4","authDomain":"apple-pay-1.firebaseapp.com","messagingSenderId":"809104874876","projectNumber":"809104874876","version":"2"}
node.exe : No Firebase app 
associated with site apple-pay-1, 
injecting project default config.
Au caractère C:\Users\dorgi\AppDat
a\Roaming\npm\firebase.ps1:24 : 5
+     & "node$exe"  "$basedir/node
_modules/firebase-tools/lib/bin/fi
reb ...
+     ~~~~~~~~~~~~~~~~~~~~~~~~~~~~
~~~~~~~~~~~~~~~~~~~~~~~~~~~~~~~~~~
~~~
    + CategoryInfo          : Not 
   Specified: (No Firebase app..  
  .default config.:String) [],    
 RemoteException
    + FullyQualifiedErrorId : Nat 
   iveCommandError
 
  You can link a Web app to a 
Hosting site here https://console.
firebase.google.com/project/apple-
pay-1/settings/general/web

   Thank you for trying our early preview of Next.js support on Firebase Hosting.
   During the preview, support is best-effort and breaking changes can be expected. Proceed with caution.
   The integration is known to work with Next.js version 12 - 15.0. You may encounter errors.

   Documentation: https://firebase.google.com/docs/hosting/frameworks/nextjs
   File a bug: https://github.com/firebase/firebase-tools/issues/new?template=bug_report.md
   Submit a feature request: https://github.com/firebase/firebase-tools/issues/new?template=feature_request.md

   We'd love to learn from you. Express your interest in helping us shape the future of Firebase Hosting: https://goo.gle/41enW5X

[2026-02-16T16:57:53.268Z] Checked if tokens are valid: true, expires at: 1771264495227
[2026-02-16T16:57:53.268Z] Checked if tokens are valid: true, expires at: 1771264495227
[2026-02-16T16:57:53.268Z] >>> [apiv2][query] GET https://firebasehosting.googleapis.com/v1beta1/projects/apple-pay-1/sites/apple-pay-1 [none]
[2026-02-16T16:57:53.852Z] <<< [apiv2][status] GET https://firebasehosting.googleapis.com/v1beta1/projects/apple-pay-1/sites/apple-pay-1 200
[2026-02-16T16:57:53.852Z] <<< [apiv2][body] GET https://firebasehosting.googleapis.com/v1beta1/projects/apple-pay-1/sites/apple-pay-1 {"name":"projects/apple-pay-1/sites/apple-pay-1","defaultUrl":"https://apple-pay-1.web.app","type":"DEFAULT_SITE"}
Γû▓ Next.js 16.1.6 (Turbopack)

- Environments: .env.local


  Creating an optimized production build ...



[403.93ms] [@tailwindcss/postcss] app\globals.css

[  0.13ms]   Γå│ Quick bail check

[ 60.63ms]   Γå│ Setup compiler

[  0.61ms]     Γå│ PostCSS AST -> Tailwind CSS AST

[ 59.97ms]     Γå│ Create compiler
[  0.49ms]   Γå│ Register full rebuild paths
[  4.70ms]   Γå│ Setup scanner
[ 55.11ms]   Γå│ Scan for candidates

[ 87.14ms]   Γå│ Register dependency messages

[102.40ms]   Γå│ Build utilities

[ 85.64ms]   Γå│ Optimization
[  2.90ms]     Γå│ AST -> CSS
[ 60.42ms]     Γå│ Lightning CSS

[ 22.23ms]     Γå│ CSS -> PostCSS AST

[  6.82ms]   Γå│ Update PostCSS AST



Γ£ô Compiled successfully in 13.7s

  Running TypeScript ...

  Collecting page data using 3 workers ...

  Generating static pages using 3 workers (0/25) ...

  Generating static pages using 3 workers (6/25) 

  Generating static pages using 3 workers (12/25) 

  Generating static pages using 3 workers (18/25) 

Γ£ô Generating static pages using 3 workers (25/25) in 1222.1ms

  Finalizing page optimization ...



Route (app)
Γöî Γùï /
Γö£ Γùï /_not-found
Γö£ Γùï /admin
Γö£ Γùï /admin/booking-application
Γö£ Γùï /admin/bookings
Γö£ Γùï /admin/courses
Γö£ ╞Æ /admin/courses/[courseId]
Γö£ Γùï /admin/ebooks
Γö£ Γùï /admin/reviews
Γö£ Γùï /admin/storage
Γö£ ╞Æ /api/cron/expire-orders
Γö£ ╞Æ /api/dodo/checkout
Γö£ ╞Æ /api/dodo/verify-payment
Γö£ ╞Æ /api/dodo/webhook
Γö£ Γùï /course
Γö£ ╞Æ /course/[courseId]
Γö£ Γùï /dashboard
Γö£ Γùï /dashboard/profile
Γö£ Γùï /dashboard/transactions
Γö£ Γùï /login
Γö£ Γùï /payment-success
Γö£ Γùï /privacy
Γö£ Γùï /products
Γö£ Γùï /support
Γöö Γùï /terms



Γùï  (Static)   prerendered as static content
╞Æ  (Dynamic)  server-rendered on demand


Building a Cloud Function to run this application. This is needed due to:
 ΓÇó non-static component /admin/courses/[courseId]/page
 ΓÇó non-static component /api/cron/expire-orders/route
 ΓÇó non-static component /api/dodo/checkout/route
 ΓÇó non-static component /api/dodo/verify-payment/route
 ΓÇó non-static component /api/dodo/webhook/route
[2026-02-16T16:58:27.203Z]  ΓÇó non-static component /course/[courseId]/page

[2026-02-16T16:58:28.077Z] Checked if tokens are valid: true, expires at: 1771264495227
[2026-02-16T16:58:28.077Z] Checked if tokens are valid: true, expires at: 1771264495227
[2026-02-16T16:58:28.078Z] >>> [apiv2][query] GET https://firebasehosting.googleapis.com/v1beta1/projects/apple-pay-1/sites/apple-pay-1 [none]
[2026-02-16T16:58:28.671Z] <<< [apiv2][status] GET https://firebasehosting.googleapis.com/v1beta1/projects/apple-pay-1/sites/apple-pay-1 200
[2026-02-16T16:58:28.672Z] <<< [apiv2][body] GET https://firebasehosting.googleapis.com/v1beta1/projects/apple-pay-1/sites/apple-pay-1 {"name":"projects/apple-pay-1/sites/apple-pay-1","defaultUrl":"https://apple-pay-1.web.app","type":"DEFAULT_SITE"}
[2026-02-16T16:58:29.698Z] Error: EPERM: operation not permitted, symlink 'C:\Users\dorgi\OneDrive\Documents\audience-type-v0.1\node_modules\firebase-admin' -> 'C:\Users\dorgi\OneDrive\Documents\audience-type-v0.1\.firebase\apple-pay-1\functions\.next\node_modules\firebase-admin-a14c8a5423a75469'

Error: An unexpected error has occurred.
