[2026-02-16T16:19:36.500Z] > command requires scopes: ["email","openid","https://www.googleapis.com/auth/cloudplatformprojects.readonly","https://www.googleapis.com/auth/firebase","https://www.googleapis.com/auth/cloud-platform"]
[2026-02-16T16:19:36.503Z] > authorizing via signed-in user (cours.new@gmail.com)
[2026-02-16T16:19:36.504Z] [iam] checking project apple-pay-1 for permissions ["datastore.indexes.create","datastore.indexes.delete","datastore.indexes.list","datastore.indexes.update","firebase.projects.get","firebasehosting.sites.update"]
[2026-02-16T16:19:36.505Z] Checked if tokens are valid: true, expires at: 1771261263725
[2026-02-16T16:19:36.506Z] Checked if tokens are valid: true, expires at: 1771261263725
[2026-02-16T16:19:36.507Z] >>> [apiv2][query] POST https://cloudresourcemanager.googleapis.com/v1/projects/apple-pay-1:testIamPermissions [none]
[2026-02-16T16:19:36.507Z] >>> [apiv2][(partial)header] POST https://cloudresourcemanager.googleapis.com/v1/projects/apple-pay-1:testIamPermissions  x-goog-user-project=apple-pay-1
[2026-02-16T16:19:36.507Z] >>> [apiv2][body] POST https://cloudresourcemanager.googleapis.com/v1/projects/apple-pay-1:testIamPermissions {"permissions":["datastore.indexes.create","datastore.indexes.delete","datastore.indexes.list","datastore.indexes.update","firebase.projects.get","firebasehosting.sites.update"]}
[2026-02-16T16:19:36.874Z] <<< [apiv2][status] POST https://cloudresourcemanager.googleapis.com/v1/projects/apple-pay-1:testIamPermissions 200
[2026-02-16T16:19:36.875Z] <<< [apiv2][body] POST https://cloudresourcemanager.googleapis.com/v1/projects/apple-pay-1:testIamPermissions {"permissions":["datastore.indexes.create","datastore.indexes.delete","datastore.indexes.list","datastore.indexes.update","firebase.projects.get","firebasehosting.sites.update"]}
[2026-02-16T16:19:36.875Z] Checked if tokens are valid: true, expires at: 1771261263725
[2026-02-16T16:19:36.875Z] Checked if tokens are valid: true, expires at: 1771261263725
[2026-02-16T16:19:36.875Z] >>> [apiv2][query] GET https://firebase.googleapis.com/v1beta1/projects/apple-pay-1 [none]
[2026-02-16T16:19:37.280Z] <<< [apiv2][status] GET https://firebase.googleapis.com/v1beta1/projects/apple-pay-1 200
[2026-02-16T16:19:37.280Z] <<< [apiv2][body] GET https://firebase.googleapis.com/v1beta1/projects/apple-pay-1 {"projectId":"apple-pay-1","projectNumber":"809104874876","displayName":"apple-pay-1","name":"projects/apple-pay-1","resources":{"hostingSite":"apple-pay-1"},"state":"ACTIVE","etag":"1_92b83927-c442-4dd9-ada9-60d1eeb4db3e"}
[2026-02-16T16:19:41.200Z] defaultcredentials: writing to file C:\Users\dorgi\AppData\Roaming\firebase\cours_new_gmail.com_application_default_credentials.json
[2026-02-16T16:19:41.204Z] Checked if tokens are valid: true, expires at: 1771261263725
[2026-02-16T16:19:41.204Z] Checked if tokens are valid: true, expires at: 1771261263725
[2026-02-16T16:19:41.205Z] >>> [apiv2][query] GET https://firebasehosting.googleapis.com/v1beta1/projects/apple-pay-1/sites pageToken=&pageSize=10
[2026-02-16T16:19:42.006Z] <<< [apiv2][status] GET https://firebasehosting.googleapis.com/v1beta1/projects/apple-pay-1/sites 200
[2026-02-16T16:19:42.007Z] <<< [apiv2][body] GET https://firebasehosting.googleapis.com/v1beta1/projects/apple-pay-1/sites {"sites":[{"name":"projects/apple-pay-1/sites/apple-pay-1","defaultUrl":"https://apple-pay-1.web.app","type":"DEFAULT_SITE"}]}
[2026-02-16T16:19:42.008Z] Checked if tokens are valid: true, expires at: 1771261263725
[2026-02-16T16:19:42.009Z] Checked if tokens are valid: true, expires at: 1771261263725
[2026-02-16T16:19:42.009Z] >>> [apiv2][query] GET https://firebasehosting.googleapis.com/v1beta1/projects/apple-pay-1/sites 
[2026-02-16T16:19:42.478Z] <<< [apiv2][status] GET https://firebasehosting.googleapis.com/v1beta1/projects/apple-pay-1/sites 200
[2026-02-16T16:19:42.479Z] <<< [apiv2][body] GET https://firebasehosting.googleapis.com/v1beta1/projects/apple-pay-1/sites {"sites":[{"name":"projects/apple-pay-1/sites/apple-pay-1","defaultUrl":"https://apple-pay-1.web.app","type":"DEFAULT_SITE"}]}
[2026-02-16T16:19:42.479Z] Checked if tokens are valid: true, expires at: 1771261263725
[2026-02-16T16:19:42.479Z] Checked if tokens are valid: true, expires at: 1771261263725
[2026-02-16T16:19:42.480Z] >>> [apiv2][query] GET https://firebase.googleapis.com/v1beta1/projects/apple-pay-1/webApps/-/config [none]
[2026-02-16T16:19:42.856Z] <<< [apiv2][status] GET https://firebase.googleapis.com/v1beta1/projects/apple-pay-1/webApps/-/config 200
[2026-02-16T16:19:42.857Z] <<< [apiv2][body] GET https://firebase.googleapis.com/v1beta1/projects/apple-pay-1/webApps/-/config {"projectId":"apple-pay-1","storageBucket":"apple-pay-1.firebasestorage.app","apiKey":"AIzaSyBkACwIC5Pd97nl-jRytKqHQaRnePaTCK4","authDomain":"apple-pay-1.firebaseapp.com","messagingSenderId":"809104874876","projectNumber":"809104874876","version":"2"}

   Thank you for trying our early preview of Next.js support on Firebase Hosting.
   During the preview, support is best-effort and breaking changes can be expected. Proceed with caution.
   The integration is known to work with Next.js version 12 - 15.0. You may encounter errors.

   Documentation: https://firebase.google.com/docs/hosting/frameworks/nextjs
   File a bug: https://github.com/firebase/firebase-tools/issues/new?template=bug_report.md
   Submit a feature request: https://github.com/firebase/firebase-tools/issues/new?template=feature_request.md

   We'd love to learn from you. Express your interest in helping us shape the future of Firebase Hosting: https://goo.gle/41enW5X

[2026-02-16T16:19:51.965Z] Checked if tokens are valid: true, expires at: 1771261263725
[2026-02-16T16:19:51.965Z] Checked if tokens are valid: true, expires at: 1771261263725
[2026-02-16T16:19:51.965Z] >>> [apiv2][query] GET https://firebasehosting.googleapis.com/v1beta1/projects/apple-pay-1/sites/apple-pay-1 [none]
[2026-02-16T16:19:52.533Z] <<< [apiv2][status] GET https://firebasehosting.googleapis.com/v1beta1/projects/apple-pay-1/sites/apple-pay-1 200
[2026-02-16T16:19:52.533Z] <<< [apiv2][body] GET https://firebasehosting.googleapis.com/v1beta1/projects/apple-pay-1/sites/apple-pay-1 {"name":"projects/apple-pay-1/sites/apple-pay-1","defaultUrl":"https://apple-pay-1.web.app","type":"DEFAULT_SITE"}
Γû▓ Next.js 16.1.6 (Turbopack)

- Environments: .env.local


  Creating an optimized production build ...


[691.30ms] [@tailwindcss/postcss] app\globals.css
[  0.15ms]   Γå│ Quick bail check

[231.66ms]   Γå│ Setup compiler
[  0.84ms]     Γå│ PostCSS AST -> Tailwind CSS AST
[230.76ms]     Γå│ Create compiler
[  0.36ms]   Γå│ Register full rebuild paths
[ 14.33ms]   Γå│ Setup scanner
[ 54.21ms]   Γå│ Scan for candidates
[ 96.50ms]   Γå│ Register dependency messages
[138.68ms]   Γå│ Build utilities
[145.10ms]   Γå│ Optimization
[  2.96ms]     Γå│ AST -> CSS
[103.86ms]     Γå│ Lightning CSS
[ 38.20ms]     Γå│ CSS -> PostCSS AST
[  8.78ms]   Γå│ Update PostCSS AST


Γ£ô Compiled successfully in 20.7s

  Running TypeScript ...

  Collecting page data using 3 workers ...

  Generating static pages using 3 workers (0/25) ...

  Generating static pages using 3 workers (6/25) 

  Generating static pages using 3 workers (12/25) 

  Generating static pages using 3 workers (18/25) 

Γ£ô Generating static pages using 3 workers (25/25) in 1978.4ms

  Finalizing page optimization ...



Route (app)
Γöî Γùï /
Γö£ Γùï /_not-found
Γö£ Γùï /admin
Γö£ Γùï /admin/booking-application
Γö£ Γùï /admin/bookings
Γö£ Γùï /admin/courses
Γö£ ╞Æ /admin/courses/[courseId]
Γö£ Γùï /admin/ebooks
Γö£ Γùï /admin/reviews
Γö£ Γùï /admin/storage
Γö£ ╞Æ /api/cron/expire-orders
Γö£ ╞Æ /api/dodo/checkout
Γö£ ╞Æ /api/dodo/verify-payment
Γö£ ╞Æ /api/dodo/webhook
Γö£ Γùï /course
Γö£ ╞Æ /course/[courseId]
Γö£ Γùï /dashboard
Γö£ Γùï /dashboard/profile
Γö£ Γùï /dashboard/transactions
Γö£ Γùï /login
Γö£ Γùï /payment-success
Γö£ Γùï /privacy
Γö£ Γùï /products
Γö£ Γùï /support
Γöö Γùï /terms



Γùï  (Static)   prerendered as static content
╞Æ  (Dynamic)  server-rendered on demand


Building a Cloud Function to run this application. This is needed due to:
 ΓÇó non-static component /admin/courses/[courseId]/page
 ΓÇó non-static component /api/cron/expire-orders/route
 ΓÇó non-static component /api/dodo/checkout/route
 ΓÇó non-static component /api/dodo/verify-payment/route
 ΓÇó non-static component /api/dodo/webhook/route
[2026-02-16T16:20:42.007Z]  ΓÇó non-static component /course/[courseId]/page

[2026-02-16T16:20:42.875Z] Checked if tokens are valid: true, expires at: 1771261263725
[2026-02-16T16:20:42.875Z] Checked if tokens are valid: true, expires at: 1771261263725
[2026-02-16T16:20:42.876Z] >>> [apiv2][query] GET https://firebasehosting.googleapis.com/v1beta1/projects/apple-pay-1/sites/apple-pay-1 [none]
[2026-02-16T16:20:43.502Z] <<< [apiv2][status] GET https://firebasehosting.googleapis.com/v1beta1/projects/apple-pay-1/sites/apple-pay-1 200
[2026-02-16T16:20:43.502Z] <<< [apiv2][body] GET https://firebasehosting.googleapis.com/v1beta1/projects/apple-pay-1/sites/apple-pay-1 {"name":"projects/apple-pay-1/sites/apple-pay-1","defaultUrl":"https://apple-pay-1.web.app","type":"DEFAULT_SITE"}
[2026-02-16T16:20:44.409Z] Error: EPERM: operation not permitted, symlink 'C:\Users\dorgi\OneDrive\Bureau\Work ia now\audience-type-v0.1\node_modules\firebase-admin' -> 'C:\Users\dorgi\OneDrive\Bureau\Work ia now\audience-type-v0.1\.firebase\apple-pay-1\functions\.next\node_modules\firebase-admin-a14c8a5423a75469'

Error: An unexpected error has occurred.
